// Jest Snapshot v1, https://goo.gl/fbAQLP

exports[`testing Missions test component renders correctly 1`] = `
<div
  className="otro"
>
  <div
    className="mission_container"
  >
    <h2
      className="table"
    >
       Mission
    </h2>
    <h2
      className="table"
    >
       Description
    </h2>
    <h2
      className="table"
    >
       Status
    </h2>
    <h2
      className="table"
    >
       
    </h2>
  </div>
</div>
`;
