// Jest Snapshot v1, https://goo.gl/fbAQLP

exports[`testing Missions test component renders correctly 1`] = `
<section
  className="NavSection"
>
  <div>
    <img
      alt="brand logo"
      src="images/planet.png"
      style={
        Object {
          "width": "50px",
        }
      }
    />
  </div>
  <h1>
    Space Travelers Hub
  </h1>
  <nav>
    <a
      aria-current="page"
      className="active"
      href="/"
      onClick={[Function]}
    >
       Rocket 
    </a>
    <a
      className=""
      href="/missions"
      onClick={[Function]}
    >
      Missions
    </a>
    <a
      className=""
      href="/profiles"
      onClick={[Function]}
    >
      Profile
    </a>
  </nav>
</section>
`;
